warning: Git tree '/etc/nixos' is dirty
building the system configuration...
warning: Git tree '/etc/nixos' is dirty
evaluation warning: system.stateVersion is not set, defaulting to 25.11. Read why this matters on https://nixos.org/manual/nixos/stable/options.html#opt-system.stateVersion.
error:
       … while calling anonymous lambda
         at /nix/store/v20zws3a93kdngwc3fgd9c8p3jvnar6j-source/lib/attrsets.nix:1691:14:
         1690|         zipAttrsWith (
         1691|           n: values:
             |              ^
         1692|           let

       … while calling the 'head' builtin
         at /nix/store/v20zws3a93kdngwc3fgd9c8p3jvnar6j-source/lib/attrsets.nix:1696:13:
         1695|           if length values == 1 || pred here (elemAt values 1) (head values) then
         1696|             head values
             |             ^
         1697|           else

       … while calling anonymous lambda
         at /nix/store/v20zws3a93kdngwc3fgd9c8p3jvnar6j-source/lib/attrsets.nix:1188:17:
         1187|         mapAttrs (
         1188|           name: value:
             |                 ^
         1189|           if isAttrs value && cond value then recurse (path ++ [ name ]) value else f (path ++ [ name ]) value

       … from call site
         at /nix/store/v20zws3a93kdngwc3fgd9c8p3jvnar6j-source/lib/attrsets.nix:1189:85:
         1188|           name: value:
         1189|           if isAttrs value && cond value then recurse (path ++ [ name ]) value else f (path ++ [ name ]) value
             |                                                                                     ^
         1190|         );

       … while calling anonymous lambda
         at /nix/store/v20zws3a93kdngwc3fgd9c8p3jvnar6j-source/lib/modules.nix:275:71:
          274|           # For definitions that have an associated option
          275|           declaredConfig = mapAttrsRecursiveCond (v: !isOption v) (_: v: v.value) options;
             |                                                                       ^
          276|

       … while evaluating the attribute 'value'
         at /nix/store/v20zws3a93kdngwc3fgd9c8p3jvnar6j-source/lib/modules.nix:1118:7:
         1117|     // {
         1118|       value = addErrorContext "while evaluating the option `${showOption loc}':" value;
             |       ^
         1119|       inherit (res.defsFinal') highestPrio;

       … while evaluating the option `system.build.toplevel':

       … while evaluating the attribute 'mergedValue'
         at /nix/store/v20zws3a93kdngwc3fgd9c8p3jvnar6j-source/lib/modules.nix:1192:5:
         1191|     # Type-check the remaining definitions, and merge them. Or throw if no definitions.
         1192|     mergedValue =
             |     ^
         1193|       if isDefined then

       … while evaluating a branch condition
         at /nix/store/v20zws3a93kdngwc3fgd9c8p3jvnar6j-source/lib/modules.nix:1193:7:
         1192|     mergedValue =
         1193|       if isDefined then
             |       ^
         1194|         if type.merge ? v2 then

       … while evaluating the attribute 'values'
         at /nix/store/v20zws3a93kdngwc3fgd9c8p3jvnar6j-source/lib/modules.nix:1186:9:
         1185|       {
         1186|         values = defsSorted;
             |         ^
         1187|         inherit (defsFiltered) highestPrio;

       … while evaluating a branch condition
         at /nix/store/v20zws3a93kdngwc3fgd9c8p3jvnar6j-source/lib/modules.nix:1180:11:
         1179|           # Avoid sorting if we don't have to.
         1180|           if any (def: def.value._type or "" == "order") defsFiltered.values then
             |           ^
         1181|             sortProperties defsFiltered.values

       … while calling the 'any' builtin
         at /nix/store/v20zws3a93kdngwc3fgd9c8p3jvnar6j-source/lib/modules.nix:1180:14:
         1179|           # Avoid sorting if we don't have to.
         1180|           if any (def: def.value._type or "" == "order") defsFiltered.values then
             |              ^
         1181|             sortProperties defsFiltered.values

       … while evaluating the attribute 'values'
         at /nix/store/v20zws3a93kdngwc3fgd9c8p3jvnar6j-source/lib/modules.nix:1360:7:
         1359|     {
         1360|       values = concatMap (def: if getPrio def == highestPrio then [ (strip def) ] else [ ]) defs;
             |       ^
         1361|       inherit highestPrio;

       … while calling the 'concatMap' builtin
         at /nix/store/v20zws3a93kdngwc3fgd9c8p3jvnar6j-source/lib/modules.nix:1360:16:
         1359|     {
         1360|       values = concatMap (def: if getPrio def == highestPrio then [ (strip def) ] else [ ]) defs;
             |                ^
         1361|       inherit highestPrio;

       … while calling the 'concatMap' builtin
         at /nix/store/v20zws3a93kdngwc3fgd9c8p3jvnar6j-source/lib/modules.nix:1160:26:
         1159|         # Process mkMerge and mkIf properties.
         1160|         defsNormalized = concatMap (
             |                          ^
         1161|           m:

       … while calling anonymous lambda
         at /nix/store/v20zws3a93kdngwc3fgd9c8p3jvnar6j-source/lib/modules.nix:1161:11:
         1160|         defsNormalized = concatMap (
         1161|           m:
             |           ^
         1162|           map (

       … while calling the 'map' builtin
         at /nix/store/v20zws3a93kdngwc3fgd9c8p3jvnar6j-source/lib/modules.nix:1162:11:
         1161|           m:
         1162|           map (
             |           ^
         1163|             value:

       … while evaluating definitions from `/nix/store/v20zws3a93kdngwc3fgd9c8p3jvnar6j-source/nixos/modules/system/activation/top-level.nix':

       … from call site
         at /nix/store/v20zws3a93kdngwc3fgd9c8p3jvnar6j-source/lib/modules.nix:1171:80:
         1170|               }
         1171|           ) (addErrorContext "while evaluating definitions from `${m.file}':" (dischargeProperties m.value))
             |                                                                                ^
         1172|         ) defs;

       … while calling 'dischargeProperties'
         at /nix/store/v20zws3a93kdngwc3fgd9c8p3jvnar6j-source/lib/modules.nix:1311:5:
         1310|   dischargeProperties =
         1311|     def:
             |     ^
         1312|     if def._type or "" == "merge" then

       … while evaluating a branch condition
         at /nix/store/v20zws3a93kdngwc3fgd9c8p3jvnar6j-source/lib/modules.nix:1312:5:
         1311|     def:
         1312|     if def._type or "" == "merge" then
             |     ^
         1313|       concatMap dischargeProperties def.contents

       … while evaluating the attribute 'value'
         at /nix/store/v20zws3a93kdngwc3fgd9c8p3jvnar6j-source/lib/modules.nix:805:21:
          804|             inherit (module) file;
          805|             inherit value;
             |                     ^
          806|           }) module.config

       … from call site
         at /nix/store/v20zws3a93kdngwc3fgd9c8p3jvnar6j-source/nixos/modules/system/activation/top-level.nix:81:26:
           80|   # Handle assertions and warnings
           81|   baseSystemAssertWarn = lib.asserts.checkAssertWarn config.assertions config.warnings baseSystem;
             |                          ^
           82|

       … while calling 'checkAssertWarn'
         at /nix/store/v20zws3a93kdngwc3fgd9c8p3jvnar6j-source/lib/asserts.nix:193:27:
          192|   checkAssertWarn =
          193|     assertions: warnings: val:
             |                           ^
          194|     let

       … from call site
         at /nix/store/v20zws3a93kdngwc3fgd9c8p3jvnar6j-source/lib/asserts.nix:200:7:
          199|     else
          200|       showWarnings warnings val;
             |       ^
          201|

       … while calling 'showWarnings'
         at /nix/store/v20zws3a93kdngwc3fgd9c8p3jvnar6j-source/lib/trivial.nix:982:28:
          981|
          982|   showWarnings = warnings: res: lib.foldr (w: x: warn w x) res warnings;
             |                            ^
          983|

       … from call site
         at /nix/store/v20zws3a93kdngwc3fgd9c8p3jvnar6j-source/lib/trivial.nix:982:33:
          981|
          982|   showWarnings = warnings: res: lib.foldr (w: x: warn w x) res warnings;
             |                                 ^
          983|

       … while calling 'foldr'
         at /nix/store/v20zws3a93kdngwc3fgd9c8p3jvnar6j-source/lib/lists.nix:139:14:
          138|   foldr =
          139|     op: nul: list:
             |              ^
          140|     let

       … from call site
         at /nix/store/v20zws3a93kdngwc3fgd9c8p3jvnar6j-source/lib/lists.nix:144:5:
          143|     in
          144|     fold' 0;
             |     ^
          145|

       … while calling 'fold''
         at /nix/store/v20zws3a93kdngwc3fgd9c8p3jvnar6j-source/lib/lists.nix:142:15:
          141|       len = length list;
          142|       fold' = n: if n == len then nul else op (elemAt list n) (fold' (n + 1));
             |               ^
          143|     in

       … while evaluating a branch condition
         at /nix/store/v20zws3a93kdngwc3fgd9c8p3jvnar6j-source/lib/lists.nix:142:18:
          141|       len = length list;
          142|       fold' = n: if n == len then nul else op (elemAt list n) (fold' (n + 1));
             |                  ^
          143|     in

       … while calling the 'length' builtin
         at /nix/store/v20zws3a93kdngwc3fgd9c8p3jvnar6j-source/lib/lists.nix:141:13:
          140|     let
          141|       len = length list;
             |             ^
          142|       fold' = n: if n == len then nul else op (elemAt list n) (fold' (n + 1));

       … from call site
         at /nix/store/v20zws3a93kdngwc3fgd9c8p3jvnar6j-source/nixos/modules/system/activation/top-level.nix:81:72:
           80|   # Handle assertions and warnings
           81|   baseSystemAssertWarn = lib.asserts.checkAssertWarn config.assertions config.warnings baseSystem;
             |                                                                        ^
           82|

       … while calling anonymous lambda
         at /nix/store/v20zws3a93kdngwc3fgd9c8p3jvnar6j-source/lib/attrsets.nix:1188:17:
         1187|         mapAttrs (
         1188|           name: value:
             |                 ^
         1189|           if isAttrs value && cond value then recurse (path ++ [ name ]) value else f (path ++ [ name ]) value

       … from call site
         at /nix/store/v20zws3a93kdngwc3fgd9c8p3jvnar6j-source/lib/attrsets.nix:1189:85:
         1188|           name: value:
         1189|           if isAttrs value && cond value then recurse (path ++ [ name ]) value else f (path ++ [ name ]) value
             |                                                                                     ^
         1190|         );

       … while calling anonymous lambda
         at /nix/store/v20zws3a93kdngwc3fgd9c8p3jvnar6j-source/lib/modules.nix:275:71:
          274|           # For definitions that have an associated option
          275|           declaredConfig = mapAttrsRecursiveCond (v: !isOption v) (_: v: v.value) options;
             |                                                                       ^
          276|

       … while evaluating the attribute 'value'
         at /nix/store/v20zws3a93kdngwc3fgd9c8p3jvnar6j-source/lib/modules.nix:1118:7:
         1117|     // {
         1118|       value = addErrorContext "while evaluating the option `${showOption loc}':" value;
             |       ^
         1119|       inherit (res.defsFinal') highestPrio;

       … while evaluating the option `warnings':

       (10 duplicate frames omitted)

       … while evaluating definitions from `/nix/store/v20zws3a93kdngwc3fgd9c8p3jvnar6j-source/nixos/modules/system/boot/systemd.nix':

       … from call site
         at /nix/store/v20zws3a93kdngwc3fgd9c8p3jvnar6j-source/lib/modules.nix:1171:80:
         1170|               }
         1171|           ) (addErrorContext "while evaluating definitions from `${m.file}':" (dischargeProperties m.value))
             |                                                                                ^
         1172|         ) defs;

       … while calling 'dischargeProperties'
         at /nix/store/v20zws3a93kdngwc3fgd9c8p3jvnar6j-source/lib/modules.nix:1311:5:
         1310|   dischargeProperties =
         1311|     def:
             |     ^
         1312|     if def._type or "" == "merge" then

       … while evaluating a branch condition
         at /nix/store/v20zws3a93kdngwc3fgd9c8p3jvnar6j-source/lib/modules.nix:1312:5:
         1311|     def:
         1312|     if def._type or "" == "merge" then
             |     ^
         1313|       concatMap dischargeProperties def.contents

       … while evaluating the attribute 'value'
         at /nix/store/v20zws3a93kdngwc3fgd9c8p3jvnar6j-source/lib/modules.nix:805:21:
          804|             inherit (module) file;
          805|             inherit value;
             |                     ^
          806|           }) module.config

       … while calling the 'concatLists' builtin
         at /nix/store/v20zws3a93kdngwc3fgd9c8p3jvnar6j-source/nixos/modules/system/boot/systemd.nix:494:7:
          493|       in
          494|       concatLists (
             |       ^
          495|         mapAttrsToList (

       … while calling anonymous lambda
         at /nix/store/v20zws3a93kdngwc3fgd9c8p3jvnar6j-source/nixos/modules/system/boot/systemd.nix:496:17:
          495|         mapAttrsToList (
          496|           name: service:
             |                 ^
          497|           let

       … while calling the 'concatLists' builtin
         at /nix/store/v20zws3a93kdngwc3fgd9c8p3jvnar6j-source/nixos/modules/system/boot/systemd.nix:502:11:
          501|           in
          502|           concatLists [
             |           ^
          503|             (optional (type == "oneshot" && (restart == "always" || restart == "on-success"))

       … from call site
         at /nix/store/v20zws3a93kdngwc3fgd9c8p3jvnar6j-source/nixos/modules/system/boot/systemd.nix:503:14:
          502|           concatLists [
          503|             (optional (type == "oneshot" && (restart == "always" || restart == "on-success"))
             |              ^
          504|               "Service '${name}.service' with 'Type=oneshot' cannot have 'Restart=always' or 'Restart=on-success'"

       … while calling 'optional'
         at /nix/store/v20zws3a93kdngwc3fgd9c8p3jvnar6j-source/lib/lists.nix:777:20:
          776|   */
          777|   optional = cond: elem: if cond then [ elem ] else [ ];
             |                    ^
          778|

       … while evaluating a branch condition
         at /nix/store/v20zws3a93kdngwc3fgd9c8p3jvnar6j-source/lib/lists.nix:777:26:
          776|   */
          777|   optional = cond: elem: if cond then [ elem ] else [ ];
             |                          ^
          778|

       … in the left operand of the AND (&&) operator
         at /nix/store/v20zws3a93kdngwc3fgd9c8p3jvnar6j-source/nixos/modules/system/boot/systemd.nix:503:42:
          502|           concatLists [
          503|             (optional (type == "oneshot" && (restart == "always" || restart == "on-success"))
             |                                          ^
          504|               "Service '${name}.service' with 'Type=oneshot' cannot have 'Restart=always' or 'Restart=on-success'"

       … from call site
         at /nix/store/v20zws3a93kdngwc3fgd9c8p3jvnar6j-source/nixos/modules/system/boot/systemd.nix:498:20:
          497|           let
          498|             type = service.serviceConfig.Type or "";
             |                    ^
          499|             restart = service.serviceConfig.Restart or "no";

       … while calling anonymous lambda
         at /nix/store/v20zws3a93kdngwc3fgd9c8p3jvnar6j-source/lib/attrsets.nix:1188:17:
         1187|         mapAttrs (
         1188|           name: value:
             |                 ^
         1189|           if isAttrs value && cond value then recurse (path ++ [ name ]) value else f (path ++ [ name ]) value

       … from call site
         at /nix/store/v20zws3a93kdngwc3fgd9c8p3jvnar6j-source/lib/attrsets.nix:1189:85:
         1188|           name: value:
         1189|           if isAttrs value && cond value then recurse (path ++ [ name ]) value else f (path ++ [ name ]) value
             |                                                                                     ^
         1190|         );

       … while calling anonymous lambda
         at /nix/store/v20zws3a93kdngwc3fgd9c8p3jvnar6j-source/lib/modules.nix:275:71:
          274|           # For definitions that have an associated option
          275|           declaredConfig = mapAttrsRecursiveCond (v: !isOption v) (_: v: v.value) options;
             |                                                                       ^
          276|

       … while evaluating the attribute 'value'
         at /nix/store/v20zws3a93kdngwc3fgd9c8p3jvnar6j-source/lib/modules.nix:1118:7:
         1117|     // {
         1118|       value = addErrorContext "while evaluating the option `${showOption loc}':" value;
             |       ^
         1119|       inherit (res.defsFinal') highestPrio;

       … while evaluating the option `systemd.services.docker-prune.serviceConfig':

       … while evaluating the attribute 'mergedValue'
         at /nix/store/v20zws3a93kdngwc3fgd9c8p3jvnar6j-source/lib/modules.nix:1192:5:
         1191|     # Type-check the remaining definitions, and merge them. Or throw if no definitions.
         1192|     mergedValue =
             |     ^
         1193|       if isDefined then

       … while evaluating the attribute 'value'
         at /nix/store/v20zws3a93kdngwc3fgd9c8p3jvnar6j-source/lib/types.nix:878:17:
          877|                 headError = checkDefsForError check loc defs;
          878|                 value = mapAttrs (
             |                 ^
          879|                   n: v:

       … while calling the 'mapAttrs' builtin
         at /nix/store/v20zws3a93kdngwc3fgd9c8p3jvnar6j-source/lib/types.nix:878:25:
          877|                 headError = checkDefsForError check loc defs;
          878|                 value = mapAttrs (
             |                         ^
          879|                   n: v:

       … from call site
         at /nix/store/v20zws3a93kdngwc3fgd9c8p3jvnar6j-source/lib/types.nix:872:21:
          871|                     # Meaning it is less lazy
          872|                     filterAttrs (n: v: v.optionalValue ? value) (
             |                     ^
          873|                       zipAttrsWith (name: defs: mergeDefinitions (loc ++ [ name ]) elemType defs) (pushPositions defs)

       … while calling 'filterAttrs'
         at /nix/store/v20zws3a93kdngwc3fgd9c8p3jvnar6j-source/lib/attrsets.nix:663:23:
          662|   */
          663|   filterAttrs = pred: set: removeAttrs set (filter (name: !pred name set.${name}) (attrNames set));
             |                       ^
          664|

       … while calling the 'removeAttrs' builtin
         at /nix/store/v20zws3a93kdngwc3fgd9c8p3jvnar6j-source/lib/attrsets.nix:663:28:
          662|   */
          663|   filterAttrs = pred: set: removeAttrs set (filter (name: !pred name set.${name}) (attrNames set));
             |                            ^
          664|

       … while calling the 'filter' builtin
         at /nix/store/v20zws3a93kdngwc3fgd9c8p3jvnar6j-source/lib/attrsets.nix:663:45:
          662|   */
          663|   filterAttrs = pred: set: removeAttrs set (filter (name: !pred name set.${name}) (attrNames set));
             |                                             ^
          664|

       … while calling anonymous lambda
         at /nix/store/v20zws3a93kdngwc3fgd9c8p3jvnar6j-source/lib/attrsets.nix:663:53:
          662|   */
          663|   filterAttrs = pred: set: removeAttrs set (filter (name: !pred name set.${name}) (attrNames set));
             |                                                     ^
          664|

       … in the argument of the not operator
         at /nix/store/v20zws3a93kdngwc3fgd9c8p3jvnar6j-source/lib/attrsets.nix:663:60:
          662|   */
          663|   filterAttrs = pred: set: removeAttrs set (filter (name: !pred name set.${name}) (attrNames set));
             |                                                            ^
          664|

       … from call site
         at /nix/store/v20zws3a93kdngwc3fgd9c8p3jvnar6j-source/lib/attrsets.nix:663:60:
          662|   */
          663|   filterAttrs = pred: set: removeAttrs set (filter (name: !pred name set.${name}) (attrNames set));
             |                                                            ^
          664|

       … while calling anonymous lambda
         at /nix/store/v20zws3a93kdngwc3fgd9c8p3jvnar6j-source/lib/types.nix:872:37:
          871|                     # Meaning it is less lazy
          872|                     filterAttrs (n: v: v.optionalValue ? value) (
             |                                     ^
          873|                       zipAttrsWith (name: defs: mergeDefinitions (loc ++ [ name ]) elemType defs) (pushPositions defs)

       … while evaluating the attribute 'optionalValue'
         at /nix/store/v20zws3a93kdngwc3fgd9c8p3jvnar6j-source/lib/modules.nix:1256:5:
         1255|
         1256|     optionalValue = if isDefined then { value = mergedValue; } else { };
             |     ^
         1257|   };

       … while evaluating a branch condition
         at /nix/store/v20zws3a93kdngwc3fgd9c8p3jvnar6j-source/lib/modules.nix:1256:21:
         1255|
         1256|     optionalValue = if isDefined then { value = mergedValue; } else { };
             |                     ^
         1257|   };

       (8 duplicate frames omitted)

       … while evaluating definitions from `/nix/store/v20zws3a93kdngwc3fgd9c8p3jvnar6j-source/nixos/modules/virtualisation/docker.nix':

       … from call site
         at /nix/store/v20zws3a93kdngwc3fgd9c8p3jvnar6j-source/lib/modules.nix:1171:80:
         1170|               }
         1171|           ) (addErrorContext "while evaluating definitions from `${m.file}':" (dischargeProperties m.value))
             |                                                                                ^
         1172|         ) defs;

       … while calling 'dischargeProperties'
         at /nix/store/v20zws3a93kdngwc3fgd9c8p3jvnar6j-source/lib/modules.nix:1311:5:
         1310|   dischargeProperties =
         1311|     def:
             |     ^
         1312|     if def._type or "" == "merge" then

       … while evaluating a branch condition
         at /nix/store/v20zws3a93kdngwc3fgd9c8p3jvnar6j-source/lib/modules.nix:1312:5:
         1311|     def:
         1312|     if def._type or "" == "merge" then
             |     ^
         1313|       concatMap dischargeProperties def.contents

       … while evaluating the attribute 'value'
         at /nix/store/v20zws3a93kdngwc3fgd9c8p3jvnar6j-source/lib/types.nix:819:15:
          818|               inherit (def) file;
          819|               value = v;
             |               ^
          820|             }) def.value

       … from call site
         at /nix/store/v20zws3a93kdngwc3fgd9c8p3jvnar6j-source/nixos/modules/virtualisation/docker.nix:315:23:
          314|           Type = "oneshot";
          315|           ExecStart = utils.escapeSystemdExecArgs (
             |                       ^
          316|             [

       … while calling 'concatMapStringsSep'
         at /nix/store/v20zws3a93kdngwc3fgd9c8p3jvnar6j-source/lib/strings.nix:261:13:
          260|   concatMapStringsSep =
          261|     sep: f: list:
             |             ^
          262|     concatStringsSep sep (map f list);

       … while calling the 'concatStringsSep' builtin
         at /nix/store/v20zws3a93kdngwc3fgd9c8p3jvnar6j-source/lib/strings.nix:262:5:
          261|     sep: f: list:
          262|     concatStringsSep sep (map f list);
             |     ^
          263|

       … while calling 'escapeSystemdExecArg'
         at /nix/store/v20zws3a93kdngwc3fgd9c8p3jvnar6j-source/nixos/lib/utils.nix:130:7:
          129|     escapeSystemdExecArg =
          130|       arg:
             |       ^
          131|       let

       … while calling the 'replaceStrings' builtin
         at /nix/store/v20zws3a93kdngwc3fgd9c8p3jvnar6j-source/nixos/lib/utils.nix:142:7:
          141|       in
          142|       replaceStrings [ "%" "$" ] [ "%%" "$$" ] (toJSON s);
             |       ^
          143|

       … while evaluating the third argument passed to builtins.replaceStrings

       … while calling the 'toJSON' builtin
         at /nix/store/v20zws3a93kdngwc3fgd9c8p3jvnar6j-source/nixos/lib/utils.nix:142:49:
          141|       in
          142|       replaceStrings [ "%" "$" ] [ "%%" "$$" ] (toJSON s);
             |                                                 ^
          143|

       … while evaluating a branch condition
         at /nix/store/v20zws3a93kdngwc3fgd9c8p3jvnar6j-source/nixos/lib/utils.nix:133:11:
          132|         s =
          133|           if isPath arg then
             |           ^
          134|             "${arg}"

       … while calling the 'isPath' builtin
         at /nix/store/v20zws3a93kdngwc3fgd9c8p3jvnar6j-source/nixos/lib/utils.nix:133:14:
          132|         s =
          133|           if isPath arg then
             |              ^
          134|             "${arg}"

       … from call site
         at /nix/store/v20zws3a93kdngwc3fgd9c8p3jvnar6j-source/nixos/modules/virtualisation/docker.nix:317:16:
          316|             [
          317|               (lib.getExe cfg.package)
             |                ^
          318|               "system"

       … while calling 'getExe'
         at /nix/store/v20zws3a93kdngwc3fgd9c8p3jvnar6j-source/lib/meta.nix:445:5:
          444|   getExe =
          445|     x:
             |     ^
          446|     getExe' x (

       … from call site
         at /nix/store/v20zws3a93kdngwc3fgd9c8p3jvnar6j-source/lib/meta.nix:446:5:
          445|     x:
          446|     getExe' x (
             |     ^
          447|       x.meta.mainProgram or (

       … while calling 'getExe''
         at /nix/store/v20zws3a93kdngwc3fgd9c8p3jvnar6j-source/lib/meta.nix:491:8:
          490|   getExe' =
          491|     x: y:
             |        ^
          492|     assert assertMsg (isDerivation x)

       … in the condition of the assert statement
         at /nix/store/v20zws3a93kdngwc3fgd9c8p3jvnar6j-source/lib/customisation.nix:412:15:
          411|             outPath =
          412|               assert condition;
             |               ^
          413|               drv.${outputName}.outPath;

       … while evaluating the attribute 'handled'
         at /nix/store/v20zws3a93kdngwc3fgd9c8p3jvnar6j-source/pkgs/stdenv/generic/check-meta.nix:756:9:
          755|         # or, alternatively, just output a warning message.
          756|         handled = (
             |         ^
          757|           if valid == "yes" then

       … from call site
         at /nix/store/v20zws3a93kdngwc3fgd9c8p3jvnar6j-source/pkgs/stdenv/generic/check-meta.nix:760:14:
          759|           else if valid == "no" then
          760|             (handleEvalIssue { inherit meta attrs; } { inherit (validity) reason errormsg; })
             |              ^
          761|           else if valid == "warn" then

       … while calling 'handleEvalIssue'
         at /nix/store/v20zws3a93kdngwc3fgd9c8p3jvnar6j-source/pkgs/stdenv/generic/check-meta.nix:317:5:
          316|     { meta, attrs }:
          317|     {
             |     ^
          318|       reason,

       … while calling the 'throw' builtin
         at /nix/store/v20zws3a93kdngwc3fgd9c8p3jvnar6j-source/pkgs/stdenv/generic/check-meta.nix:334:5:
          333|     in
          334|     handler msg;
             |     ^
          335|

       error: Package ‘docker-28.5.2’ in /nix/store/v20zws3a93kdngwc3fgd9c8p3jvnar6j-source/pkgs/applications/virtualization/docker/default.nix:372 is marked as insecure, refusing to evaluate.


       Known issues:
        - docker_28 has been unmaintained since November 2025, use docker_29 or newer instead

       You can install it anyway by allowing this package, using the
       following methods:

       a) To temporarily allow all insecure packages, you can use an environment
          variable for a single invocation of the nix tools:

            $ export NIXPKGS_ALLOW_INSECURE=1

          Note: When using `nix shell`, `nix build`, `nix develop`, etc with a flake,
                then pass `--impure` in order to allow use of environment variables.

       b) for `nixos-rebuild` you can add ‘docker-28.5.2’ to
          `nixpkgs.config.permittedInsecurePackages` in the configuration.nix,
          like so:

            {
              nixpkgs.config.permittedInsecurePackages = [
                "docker-28.5.2"
              ];
            }

       c) For `nix-env`, `nix-build`, `nix-shell` or any other Nix command you can add
          ‘docker-28.5.2’ to `permittedInsecurePackages` in
          ~/.config/nixpkgs/config.nix, like so:

            {
              permittedInsecurePackages = [
                "docker-28.5.2"
              ];
            }
Command 'nix --extra-experimental-features 'nix-command flakes' build --print-out-paths '.#nixosConfigurations."nixos-desktop".config.system.build.toplevel' --no-link --show-trace' returned non-zero exit status 1.
